▶️  Building for Android (only lib, push .so only)
🔨 android build: starting
▶️  Building Android target...
✅ Using Android NDK: /Users/leandro/Library/Android/sdk/ndk/28.1.13356709
ℹ️  Running: cargo build --target aarch64-linux-android
Skip copy, equal file ./lib/target/libdclgodot_android/libdclgodot.so
✅ android build: success
▶️  Hot reloading Android library...
ℹ️  Found 1 connected device(s)
⚠️  Note: Android push (like using --only-lib) requires an app built with android:debuggable="true"
▶️  Attempting to copy library using run-as...
✅ Library copied to app data directory!
ℹ️  Note: The app will need to be configured to load from this location
✅ Library pushed successfully!
▶️  Restarting application...
Starting: Intent { cmp=org.decentraland.godotexplorer/com.godot.game.GodotApp }
✅ Application restarted with new library!
ℹ️  Showing device logs (Ctrl+C to stop):
--------- beginning of main
01-06 11:04:23.502 26645 26687 I godot   : [DEEPLINK] Handling signin with identity_id: 761b6be6-bfbd-4932-9d12-b099d2682fb6
01-06 11:04:24.381 26645 26687 W dclgodot: ThreadId(02) dclgodot::auth::dcl_player_identity: profile > set profile from lambda
01-06 11:04:24.388 26645 26687 I godot   : Async update avatar from profile 0x5e8684e97361daa8d336a189b3cd561201ff4501
01-06 11:04:24.391 26645 26687 I dclgodot: ThreadId(02) dclgodot::comms::communication_manager: 📡 Profile changed - immediately broadcasting ProfileVersion: version 23
01-06 11:04:24.413 26645 26687 I godot   : Async update avatar from profile 0x5e8684e97361daa8d336a189b3cd561201ff4501
01-06 11:04:26.828 26645 26687 I godot   : Async update avatar from profile 0x5e8684e97361daa8d336a189b3cd561201ff4501
01-06 11:04:26.889 26645 26687 W dclgodot: ThreadId(02) dclgodot::analytics::metrics: Flushing metrics - forcing immediate send of all pending events
01-06 11:04:26.889 26645 26687 I dclgodot: ThreadId(02) dclgodot::analytics::metrics: process_and_send_events: events=1, serialized=0, ignore_limit=true
01-06 11:04:26.890 26645 26687 I dclgodot: ThreadId(02) dclgodot::analytics::metrics: Starting event processing loop
01-06 11:04:26.890 26645 26687 I dclgodot: ThreadId(02) dclgodot::analytics::metrics: Event processing loop complete. Serialized events: 1
01-06 11:04:26.890 26645 26687 I dclgodot: ThreadId(02) dclgodot::analytics::metrics: Spawning async task to send 1 events
01-06 11:04:26.891 26645 26725 W dclgodot: dcl-godot-tokio dclgodot::analytics::metrics: Sending segment batch with 1 events
01-06 11:04:26.892 26645 26725 I dclgodot: dcl-godot-tokio dclgodot::analytics::metrics:   Event 1: Screen Viewed
01-06 11:04:26.938 26645 26687 I godot   : Async update avatar from profile 0x5e8684e97361daa8d336a189b3cd561201ff4501
01-06 11:04:27.640 26645 26728 I dclgodot: dcl-godot-tokio dclgodot::analytics::metrics: Segment batch sent successfully
01-06 11:04:29.119 26645 26687 I godot   : Async update avatar from profile 0x5e8684e97361daa8d336a189b3cd561201ff4501
01-06 11:04:29.229 26645 26687 E godot   : ERROR: Index p_mipmap = 1 is out of bounds (named_texture.format.mipmaps = 1).
01-06 11:04:29.229 26645 26687 E godot   :    at: get_texture_slice_view (servers/rendering/renderer_rd/storage_rd/render_scene_buffers_rd.cpp:435)
01-06 11:04:30.341 26645 26687 I dclgodot: ThreadId(02) dclgodot::analytics::metrics: process_and_send_events: events=1, serialized=0, ignore_limit=false
01-06 11:04:30.342 26645 26687 I dclgodot: ThreadId(02) dclgodot::analytics::metrics: Starting event processing loop
01-06 11:04:30.342 26645 26687 I dclgodot: ThreadId(02) dclgodot::analytics::metrics: Event processing loop complete. Serialized events: 1
01-06 11:04:30.342 26645 26687 I dclgodot: ThreadId(02) dclgodot::analytics::metrics: Spawning async task to send 1 events
01-06 11:04:30.343 26645 26723 W dclgodot: dcl-godot-tokio dclgodot::analytics::metrics: Sending segment batch with 1 events
01-06 11:04:30.343 26645 26723 I dclgodot: dcl-godot-tokio dclgodot::analytics::metrics:   Event 1: Screen Viewed
01-06 11:04:30.591 26645 26726 I dclgodot: dcl-godot-tokio dclgodot::analytics::metrics: Segment batch sent successfully
01-06 11:04:32.548 26645 26687 E godot   : ERROR: Condition "!is_inside_tree()" is true. Returning: false
01-06 11:04:32.548 26645 26687 E godot   :    at: can_process (scene/main/node.cpp:889)
01-06 11:04:32.931 26645 26687 I godot   : Async update avatar from profile 0x5e8684e97361daa8d336a189b3cd561201ff4501
01-06 11:04:33.232 26645 26687 I godot   : 58.590077 :: Starting to load scene
01-06 11:04:33.246 26645 26687 W dclgodot: ThreadId(02) dclgodot::realm::scene_entity_coordinator: entities_active_url is empty, cannot update position
01-06 11:04:33.246 26645 26687 I godot   : [REALM] async_set_realm https://realm-provider-ea.decentraland.org/main false resolved https://realm-provider-ea.decentraland.org/main/
01-06 11:04:33.250 26645 26687 I godot   : Async update avatar from profile 0x5e8684e97361daa8d336a189b3cd561201ff4501
01-06 11:04:33.286 26645 26687 I godot   : [Explorer] Player profile changed - starting notifications polling
01-06 11:04:33.352 26645 26687 I dclgodot: ThreadId(02) dclgodot::comms::communication_manager: 📡 Profile changed - immediately broadcasting ProfileVersion: version 23
01-06 11:04:33.355 26645 26687 I godot   : Async update avatar from profile 0x5e8684e97361daa8d336a189b3cd561201ff4501
01-06 11:04:33.659 26645 26687 I godot   : Async update avatar from profile 0x5e8684e97361daa8d336a189b3cd561201ff4501
01-06 11:04:34.136 26645 26687 E godot   : ERROR: Index p_mipmap = 1 is out of bounds (named_texture.format.mipmaps = 1).
01-06 11:04:34.136 26645 26687 E godot   :    at: get_texture_slice_view (servers/rendering/renderer_rd/storage_rd/render_scene_buffers_rd.cpp:435)
01-06 11:04:34.144 26645 26687 E godot   : ERROR: Index p_mipmap = 1 is out of bounds (named_texture.format.mipmaps = 1).
01-06 11:04:34.144 26645 26687 E godot   :    at: get_texture_slice_view (servers/rendering/renderer_rd/storage_rd/render_scene_buffers_rd.cpp:435)
01-06 11:04:34.435 26645 26687 I dclgodot: ThreadId(02) dclgodot::comms::communication_manager: change_adapter to protocol archipelago and address wss://archipelago-ea-ws-connector.decentraland.org/ws
01-06 11:04:34.766 26645 26687 W dclgodot: ThreadId(02) dclgodot::auth::dcl_player_identity: profile > set profile from lambda
01-06 11:04:34.772 26645 26687 I godot   : [Explorer] Player profile changed - starting notifications polling
01-06 11:04:34.773 26645 26687 I godot   : Async update avatar from profile 0x5e8684e97361daa8d336a189b3cd561201ff4501
01-06 11:04:34.829 26645 26687 I dclgodot: ThreadId(02) dclgodot::comms::communication_manager: 📡 Profile changed - immediately broadcasting ProfileVersion: version 23
01-06 11:04:34.850 26645 26687 I godot   : Async update avatar from profile 0x5e8684e97361daa8d336a189b3cd561201ff4501
01-06 11:04:35.023 26645 26687 I godot   : Async update avatar from profile 0x5e8684e97361daa8d336a189b3cd561201ff4501
01-06 11:04:35.117 26645 26687 I godot   : Scene bafkreihfcryhfnaociqemr4ajyk3vbvzjg3reitccvk4mdib5ogsjbjrcm optimized assets metadata loaded successfully.
01-06 11:05:05.119 27895 27949 I godot   : Godot Engine v4.5.1.stable.gh.13214a911 - Protocol Squad (2025-12-18 19:44:42 UTC) - https://godotengine.org
01-06 11:05:05.182 27895 27949 I godot   : Vulkan 1.4.303 - Forward Mobile - Using Device #0: ARM - Mali-G715
01-06 11:05:06.593 27895 27949 I godot   : 
01-06 11:05:08.477 27895 27949 I dclgodot: ThreadId(02) dclgodot::godot_classes::dcl_global: DclGlobal init invoked version=0.43.0-c976d7c-alpha-debug-dev
01-06 11:05:09.196 27895 27949 W dclgodot: ThreadId(02) dclgodot::realm::scene_entity_coordinator: entities_active_url is empty, cannot update position
01-06 11:05:09.201 27895 27949 I dclgodot: ThreadId(02) dclgodot::analytics::metrics: Android mobile platform detected for metrics collection
01-06 11:05:09.464 27895 27949 I godot   : Running from platform - version 0.43.0-c976d7c-alpha-debug-dev
01-06 11:05:09.469 27895 27949 I godot   : Running in regular mode
01-06 11:05:11.395 27895 27949 E godot   : WARNING: The requested V-Sync mode Disabled is not available. Falling back to V-Sync mode Enabled.
01-06 11:05:11.395 27895 27949 E godot   :    at: swap_chain_resize (drivers/vulkan/rendering_device_driver_vulkan.cpp:4170)
01-06 11:05:11.435 27895 27949 W dclgodot: ThreadId(02) dclgodot::auth::dcl_player_identity: profile > set profile from lambda
01-06 11:05:11.442 27895 27949 I godot   : Async update avatar from profile 0x5e8684e97361daa8d336a189b3cd561201ff4501
01-06 11:05:11.453 27895 27949 I dclgodot: ThreadId(02) dclgodot::comms::communication_manager: 📡 Profile changed - immediately broadcasting ProfileVersion: version 23
01-06 11:05:11.509 27895 27949 I godot   : Async update avatar from profile 0x5e8684e97361daa8d336a189b3cd561201ff4501
01-06 11:05:11.532 27895 27949 E godot   : ERROR: Index p_mipmap = 1 is out of bounds (named_texture.format.mipmaps = 1).
01-06 11:05:11.532 27895 27949 E godot   :    at: get_texture_slice_view (servers/rendering/renderer_rd/storage_rd/render_scene_buffers_rd.cpp:435)
01-06 11:05:11.547 27895 27949 E godot   : ERROR: Index p_mipmap = 1 is out of bounds (named_texture.format.mipmaps = 1).
01-06 11:05:11.547 27895 27949 E godot   :    at: get_texture_slice_view (servers/rendering/renderer_rd/storage_rd/render_scene_buffers_rd.cpp:435)
01-06 11:05:12.856 27895 27949 W dclgodot: ThreadId(02) dclgodot::analytics::metrics: Flushing metrics - forcing immediate send of all pending events
01-06 11:05:12.856 27895 27949 I dclgodot: ThreadId(02) dclgodot::analytics::metrics: process_and_send_events: events=1, serialized=0, ignore_limit=true
01-06 11:05:12.857 27895 27949 I dclgodot: ThreadId(02) dclgodot::analytics::metrics: Starting event processing loop
01-06 11:05:12.857 27895 27949 I dclgodot: ThreadId(02) dclgodot::analytics::metrics: Event processing loop complete. Serialized events: 1
01-06 11:05:12.857 27895 27949 I dclgodot: ThreadId(02) dclgodot::analytics::metrics: Spawning async task to send 1 events
01-06 11:05:12.857 27895 27997 W dclgodot: dcl-godot-tokio dclgodot::analytics::metrics: Sending segment batch with 1 events
01-06 11:05:12.858 27895 27997 I dclgodot: dcl-godot-tokio dclgodot::analytics::metrics:   Event 1: Screen Viewed
01-06 11:05:13.924 27895 28002 I dclgodot: dcl-godot-tokio dclgodot::analytics::metrics: Segment batch sent successfully
01-06 11:05:18.708 27895 27949 E godot   : ERROR: Condition "!is_inside_tree()" is true. Returning: false
01-06 11:05:18.708 27895 27949 E godot   :    at: can_process (scene/main/node.cpp:889)
01-06 11:05:19.198 27895 27949 I godot   : Async update avatar from profile 0x5e8684e97361daa8d336a189b3cd561201ff4501
01-06 11:05:19.275 27895 27949 W dclgodot: ThreadId(02) dclgodot::analytics::metrics: Flushing metrics - forcing immediate send of all pending events
01-06 11:05:19.275 27895 27949 I dclgodot: ThreadId(02) dclgodot::analytics::metrics: process_and_send_events: events=2, serialized=0, ignore_limit=true
01-06 11:05:19.275 27895 27949 I dclgodot: ThreadId(02) dclgodot::analytics::metrics: Starting event processing loop
01-06 11:05:19.275 27895 27949 I dclgodot: ThreadId(02) dclgodot::analytics::metrics: Event processing loop complete. Serialized events: 2
01-06 11:05:19.275 27895 27949 I dclgodot: ThreadId(02) dclgodot::analytics::metrics: Spawning async task to send 2 events
01-06 11:05:19.276 27895 27995 W dclgodot: dcl-godot-tokio dclgodot::analytics::metrics: Sending segment batch with 2 events
01-06 11:05:19.276 27895 27995 I dclgodot: dcl-godot-tokio dclgodot::analytics::metrics:   Event 1: Screen Viewed
01-06 11:05:19.277 27895 27995 I dclgodot: dcl-godot-tokio dclgodot::analytics::metrics:   Event 2: Click Button
01-06 11:05:19.353 27895 27949 I godot   : Async update avatar from profile 0x5e8684e97361daa8d336a189b3cd561201ff4501
01-06 11:05:19.532 27895 28001 I dclgodot: dcl-godot-tokio dclgodot::analytics::metrics: Segment batch sent successfully
01-06 11:05:21.745 27895 27949 I godot   : Async update avatar from profile 0x5e8684e97361daa8d336a189b3cd561201ff4501
01-06 11:05:21.869 27895 27949 E godot   : ERROR: Index p_mipmap = 1 is out of bounds (named_texture.format.mipmaps = 1).
01-06 11:05:21.869 27895 27949 E godot   :    at: get_texture_slice_view (servers/rendering/renderer_rd/storage_rd/render_scene_buffers_rd.cpp:435)
01-06 11:05:24.587 27895 27949 I dclgodot: ThreadId(02) dclgodot::analytics::metrics: process_and_send_events: events=0, serialized=0, ignore_limit=false
01-06 11:05:24.587 27895 27949 I dclgodot: ThreadId(02) dclgodot::analytics::metrics: No events to process, returning early
01-06 11:05:28.818 27895 27949 E godot   : ERROR: Condition "!is_inside_tree()" is true. Returning: false
01-06 11:05:28.818 27895 27949 E godot   :    at: can_process (scene/main/node.cpp:889)
01-06 11:05:29.201 27895 27949 I godot   : Async update avatar from profile 0x5e8684e97361daa8d336a189b3cd561201ff4501
01-06 11:05:29.482 27895 27949 I godot   : 24.458586 :: Starting to load scene
01-06 11:05:29.494 27895 27949 W dclgodot: ThreadId(02) dclgodot::realm::scene_entity_coordinator: entities_active_url is empty, cannot update position
01-06 11:05:29.494 27895 27949 I godot   : [REALM] async_set_realm https://realm-provider-ea.decentraland.org/main false resolved https://realm-provider-ea.decentraland.org/main/
01-06 11:05:29.500 27895 27949 I godot   : Async update avatar from profile 0x5e8684e97361daa8d336a189b3cd561201ff4501
01-06 11:05:29.538 27895 27949 I godot   : [Explorer] Player profile changed - starting notifications polling
01-06 11:05:29.609 27895 27949 I dclgodot: ThreadId(02) dclgodot::comms::communication_manager: 📡 Profile changed - immediately broadcasting ProfileVersion: version 23
01-06 11:05:29.612 27895 27949 I godot   : Async update avatar from profile 0x5e8684e97361daa8d336a189b3cd561201ff4501
01-06 11:05:29.844 27895 27949 I godot   : Async update avatar from profile 0x5e8684e97361daa8d336a189b3cd561201ff4501
01-06 11:05:30.320 27895 27949 E godot   : ERROR: Index p_mipmap = 1 is out of bounds (named_texture.format.mipmaps = 1).
01-06 11:05:30.320 27895 27949 E godot   :    at: get_texture_slice_view (servers/rendering/renderer_rd/storage_rd/render_scene_buffers_rd.cpp:435)
01-06 11:05:30.325 27895 27949 E godot   : ERROR: Index p_mipmap = 1 is out of bounds (named_texture.format.mipmaps = 1).
01-06 11:05:30.325 27895 27949 E godot   :    at: get_texture_slice_view (servers/rendering/renderer_rd/storage_rd/render_scene_buffers_rd.cpp:435)
01-06 11:05:30.516 27895 27949 I dclgodot: ThreadId(02) dclgodot::comms::communication_manager: change_adapter to protocol archipelago and address wss://archipelago-ea-ws-connector.decentraland.org/ws
01-06 11:05:30.822 27895 27949 W dclgodot: ThreadId(02) dclgodot::auth::dcl_player_identity: profile > set profile from lambda
01-06 11:05:30.828 27895 27949 I godot   : [Explorer] Player profile changed - starting notifications polling
01-06 11:05:30.829 27895 27949 I godot   : Async update avatar from profile 0x5e8684e97361daa8d336a189b3cd561201ff4501
01-06 11:05:30.887 27895 27949 I dclgodot: ThreadId(02) dclgodot::comms::communication_manager: 📡 Profile changed - immediately broadcasting ProfileVersion: version 23
01-06 11:05:30.908 27895 27949 I godot   : Async update avatar from profile 0x5e8684e97361daa8d336a189b3cd561201ff4501
01-06 11:05:30.981 27895 27949 I godot   : Async update avatar from profile 0x5e8684e97361daa8d336a189b3cd561201ff4501
01-06 11:05:31.112 27895 27949 I godot   : Scene bafkreihfcryhfnaociqemr4ajyk3vbvzjg3reitccvk4mdib5ogsjbjrcm optimized assets metadata loaded successfully.
01-06 11:06:05.603 27895 27949 I dclgodot: ThreadId(02) dclgodot::comms::communication_manager: Scene changed to: bafkreihfcryhfnaociqemr4ajyk3vbvzjg3reitccvk4mdib5ogsjbjrcm
01-06 11:06:05.604 27895 27949 I dclgodot: ThreadId(02) dclgodot::comms::adapter::message_processor: Updated realm bounds: min=Vector2i { x: -150, y: -150 }, max=Vector2i { x: 163, y: 158 }
01-06 11:06:05.604 27895 27949 I dclgodot: ThreadId(02) dclgodot::comms::communication_manager: 🌐 Realm bounds updated: min=(-150, -150), max=(163, 158)
01-06 11:06:05.606 27895 28000 I dclgodot: dcl-godot-tokio dclgodot::comms::communication_manager: Requesting scene adapter for scene: bafkreihfcryhfnaociqemr4ajyk3vbvzjg3reitccvk4mdib5ogsjbjrcm
01-06 11:06:05.606 27895 28000 I dclgodot: dcl-godot-tokio dclgodot::comms::communication_manager: 🔄 Making scene adapter request to: https://comms-gatekeeper.decentraland.org/get-scene-adapter
01-06 11:06:05.607 27895 28000 I dclgodot: dcl-godot-tokio dclgodot::comms::communication_manager: 📋 Request body: {"sceneId":"bafkreihfcryhfnaociqemr4ajyk3vbvzjg3reitccvk4mdib5ogsjbjrcm","realmName":"main"}
01-06 11:06:05.607 27895 28000 I dclgodot: dcl-godot-tokio dclgodot::comms::communication_manager: 🔐 Signing request with ephemeral auth chain
01-06 11:06:05.611 27895 28000 I dclgodot: dcl-godot-tokio dclgodot::comms::communication_manager: 📝 Generated 5 authentication headers
01-06 11:06:06.037 27895 27949 W dclgodot: ThreadId(02) dclgodot::scene_runner::update_scene: Scene ""Genesis Plaza""(tick=1) in state GltfContainer takes more than 16000: 28631us
01-06 11:06:06.069 27895 27949 I godot   : VideoPlayer: Initializing ExoPlayer backend for https://player.vimeo.com/external/552481870.m3u8?s=c312c8533f97e808fccc92b0510b085c8122a875
01-06 11:06:06.086 27895 27949 I dclgodot: ThreadId(02) dclgodot::scene_runner::components::video_player: Video event for entity dcl_516v0: state=VsLoading, position=0.00, length=-1.00 (state_changed=true, length_changed=false, position_changed=false)
01-06 11:06:06.086 27895 27949 W dclgodot: ThreadId(02) dclgodot::scene_runner::update_scene: Scene ""Genesis Plaza""(tick=1) in state VideoPlayer takes more than 16000: 44535us
01-06 11:06:06.123 27895 27996 I dclgodot: dcl-godot-tokio dclgodot::comms::communication_manager: 📡 Received HTTP response with status: 200 OK
01-06 11:06:06.123 27895 27996 I dclgodot: dcl-godot-tokio dclgodot::comms::communication_manager: 🔍 Parsing gatekeeper response
01-06 11:06:06.123 27895 27996 I dclgodot: dcl-godot-tokio dclgodot::comms::communication_manager: 📊 Response as JSON: {"adapter":"livekit:wss://dcl.livekit.cloud?access_token=eyJhbGciOiJIUzI1NiJ9.eyJ2aWRlbyI6eyJyb29tSm9pbiI6dHJ1ZSwicm9vbSI6ImdlbmVzaXMtY2l0eS1wcmQtc2NlbmUtcm9vbS1tYWluOmJhZmtyZWloZmNyeWhmbmFvY2lxZW1yNGFqeWszdmJ2empnM3JlaXRjY3ZrNG1kaWI1b2dzamJqcmNtIiwicm9vbUxpc3QiOmZhbHNlLCJjYW5QdWJsaXNoIjp0cnVlLCJjYW5TdWJzY3JpYmUiOnRydWUsImNhblB1Ymxpc2hEYXRhIjp0cnVlLCJjYW5VcGRhdGVPd25NZXRhZGF0YSI6dHJ1ZSwiY2FuUHVibGlzaFNvdXJjZXMiOlsibWljcm9waG9uZSJdfSwiaXNzIjoiQVBJcWZBd2RkM0VpbWc5IiwiZXhwIjoxNzY3NzA4NjY0LCJuYmYiOjAsInN1YiI6IjB4NWU4Njg0ZTk3MzYxZGFhOGQzMzZhMTg5YjNjZDU2MTIwMWZmNDUwMSJ9.VRKQrP-UGPm9xYnvJVprgAzAisJYL9lvA1Nd64dHOHc"}
01-06 11:06:06.123 27895 27996 I dclgodot: dcl-godot-tokio dclgodot::comms::communication_manager: ✅ Successfully parsed gatekeeper response: adapter = 'livekit:wss://dcl.livekit.cloud?access_token=eyJhbGciOiJIUzI1NiJ9.eyJ2aWRlbyI6eyJyb29tSm9pbiI6dHJ1ZSwicm9vbSI6ImdlbmVzaXMtY2l0eS1wcmQtc2NlbmUtcm9vbS1tYWluOmJhZmtyZWloZmNyeWhmbmFvY2lxZW1yNGFqeWszdmJ2empnM3JlaXRjY3ZrNG1kaWI1b2dzamJqcmNtIiwicm9vbUxpc3QiOmZhbHNlLCJjYW5QdWJsaXNoIjp0cnVlLCJjYW5TdWJzY3JpYmUiOnRydWUsImNhblB1Ymxpc2hEYXRhIjp0cnVlLCJjYW5VcGRhdGVPd25NZXRhZGF0YSI6dHJ1ZSwiY2FuUHVibGlzaFNvdXJjZXMiOlsibWljcm9waG9uZSJdfSwiaXNzIjoiQVBJcWZBd2RkM0VpbWc5IiwiZXhwIjoxNzY3NzA4NjY0LCJuYmYiOjAsInN1YiI6IjB4NWU4Njg0ZTk3MzYxZGFhOGQzMzZhMTg5YjNjZDU2MTIwMWZmNDUwMSJ9.VRKQrP-UGPm9xYnvJVprgAzAisJYL9lvA1Nd64dHOHc'
01-06 11:06:06.123 27895 27996 I dclgodot: dcl-godot-tokio dclgodot::comms::communication_manager: ✅ Got scene adapter URL for scene 'bafkreihfcryhfnaociqemr4ajyk3vbvzjg3reitccvk4mdib5ogsjbjrcm': livekit:wss://dcl.livekit.cloud?access_token=eyJhbGciOiJIUzI1NiJ9.eyJ2aWRlbyI6eyJyb29tSm9pbiI6dHJ1ZSwicm9vbSI6ImdlbmVzaXMtY2l0eS1wcmQtc2NlbmUtcm9vbS1tYWluOmJhZmtyZWloZmNyeWhmbmFvY2lxZW1yNGFqeWszdmJ2empnM3JlaXRjY3ZrNG1kaWI1b2dzamJqcmNtIiwicm9vbUxpc3QiOmZhbHNlLCJjYW5QdWJsaXNoIjp0cnVlLCJjYW5TdWJzY3JpYmUiOnRydWUsImNhblB1Ymxpc2hEYXRhIjp0cnVlLCJjYW5VcGRhdGVPd25NZXRhZGF0YSI6dHJ1ZSwiY2FuUHVibGlzaFNvdXJjZXMiOlsibWljcm9waG9uZSJdfSwiaXNzIjoiQVBJcWZBd2RkM0VpbWc5IiwiZXhwIjoxNzY3NzA4NjY0LCJuYmYiOjAsInN1YiI6IjB4NWU4Njg0ZTk3MzYxZGFhOGQzMzZhMTg5YjNjZDU2MTIwMWZmNDUwMSJ9.VRKQrP-UGPm9xYnvJVprgAzAisJYL9lvA1Nd64dHOHc
01-06 11:06:06.123 27895 27996 I dclgodot: dcl-godot-tokio dclgodot::comms::communication_manager: 🔗 Preparing to connect scene room to LiveKit: wss://dcl.livekit.cloud?access_token=eyJhbGciOiJIUzI1NiJ9.eyJ2aWRlbyI6eyJyb29tSm9pbiI6dHJ1ZSwicm9vbSI6ImdlbmVzaXMtY2l0eS1wcmQtc2NlbmUtcm9vbS1tYWluOmJhZmtyZWloZmNyeWhmbmFvY2lxZW1yNGFqeWszdmJ2empnM3JlaXRjY3ZrNG1kaWI1b2dzamJqcmNtIiwicm9vbUxpc3QiOmZhbHNlLCJjYW5QdWJsaXNoIjp0cnVlLCJjYW5TdWJzY3JpYmUiOnRydWUsImNhblB1Ymxpc2hEYXRhIjp0cnVlLCJjYW5VcGRhdGVPd25NZXRhZGF0YSI6dHJ1ZSwiY2FuUHVibGlzaFNvdXJjZXMiOlsibWljcm9waG9uZSJdfSwiaXNzIjoiQVBJcWZBd2RkM0VpbWc5IiwiZXhwIjoxNzY3NzA4NjY0LCJuYmYiOjAsInN1YiI6IjB4NWU4Njg0ZTk3MzYxZGFhOGQzMzZhMTg5YjNjZDU2MTIwMWZmNDUwMSJ9.VRKQrP-UGPm9xYnvJVprgAzAisJYL9lvA1Nd64dHOHc
01-06 11:06:06.123 27895 27996 I dclgodot: dcl-godot-tokio dclgodot::comms::communication_manager: 📤 Scene room connection request sent to main thread for scene 'bafkreihfcryhfnaociqemr4ajyk3vbvzjg3reitccvk4mdib5ogsjbjrcm'
01-06 11:06:06.190 27895 27949 I godot   : ExoPlayer: Initialized in GPU mode (640x360)
01-06 11:06:06.200 27895 27949 I dclgodot: ThreadId(02) dclgodot::comms::communication_manager: 🔌 Processing scene room connection request for scene 'bafkreihfcryhfnaociqemr4ajyk3vbvzjg3reitccvk4mdib5ogsjbjrcm' with URL: wss://dcl.livekit.cloud?access_token=eyJhbGciOiJIUzI1NiJ9.eyJ2aWRlbyI6eyJyb29tSm9pbiI6dHJ1ZSwicm9vbSI6ImdlbmVzaXMtY2l0eS1wcmQtc2NlbmUtcm9vbS1tYWluOmJhZmtyZWloZmNyeWhmbmFvY2lxZW1yNGFqeWszdmJ2empnM3JlaXRjY3ZrNG1kaWI1b2dzamJqcmNtIiwicm9vbUxpc3QiOmZhbHNlLCJjYW5QdWJsaXNoIjp0cnVlLCJjYW5TdWJzY3JpYmUiOnRydWUsImNhblB1Ymxpc2hEYXRhIjp0cnVlLCJjYW5VcGRhdGVPd25NZXRhZGF0YSI6dHJ1ZSwiY2FuUHVibGlzaFNvdXJjZXMiOlsibWljcm9waG9uZSJdfSwiaXNzIjoiQVBJcWZBd2RkM0VpbWc5IiwiZXhwIjoxNzY3NzA4NjY0LCJuYmYiOjAsInN1YiI6IjB4NWU4Njg0ZTk3MzYxZGFhOGQzMzZhMTg5YjNjZDU2MTIwMWZmNDUwMSJ9.VRKQrP-UGPm9xYnvJVprgAzAisJYL9lvA1Nd64dHOHc
01-06 11:06:06.200 27895 27949 I dclgodot: ThreadId(02) dclgodot::comms::communication_manager: 🚀 Creating new scene room with ID: scene-bafkreihfcryhfnaociqemr4ajyk3vbvzjg3reitccvk4mdib5ogsjbjrcm
01-06 11:06:06.200 27895 27949 I dclgodot: ThreadId(02) dclgodot::comms::adapter::livekit: 🔧 Creating Scene LiveKit room 'scene-bafkreihfcryhfnaociqemr4ajyk3vbvzjg3reitccvk4mdib5ogsjbjrcm' with auto_subscribe=false
01-06 11:06:06.204 27895 27949 I dclgodot: ThreadId(02) dclgodot::comms::communication_manager: ✅ Scene room successfully created and connected to message processor
01-06 11:06:06.207 27895 28237 I dclgodot: livekit dcl thread dclgodot::comms::adapter::livekit: 🔌 Connecting to LiveKit room 'scene-bafkreihfcryhfnaociqemr4ajyk3vbvzjg3reitccvk4mdib5ogsjbjrcm' with auto_subscribe=false
01-06 11:06:06.317 27895 28237 I dclgodot: livekit dcl thread livekit_api::signal_client::signal_stream: connecting to wss://dcl.livekit.cloud/rtc?sdk=rust&protocol=15&auto_subscribe=0&adaptive_stream=0&access_token=...    
01-06 11:06:06.402 27895 27949 D dclgodot: ThreadId(02) dclgodot::scene_runner::components::gltf_container: sync_gltf_loading_state: entity SceneEntityId { number: 513, version: 0 } state=Finished, has_modifier_state=false, has_modifier_dirty=false, gltf_loading.len()=0
01-06 11:06:06.835 27895 27949 W dclgodot: ThreadId(02) dclgodot::scene_runner::update_scene: Scene ""Genesis Plaza""(tick=2) in state TransformAndParent takes more than 16000: 31567us
01-06 11:06:07.164 27895 27949 W dclgodot: ThreadId(02) dclgodot::scene_runner::update_scene: Scene ""Genesis Plaza""(tick=2) in state Material takes more than 16000: 40717us
01-06 11:06:07.209 27895 27949 E godot   : ERROR: Bones array must be a PackedInt32Array.
01-06 11:06:07.209 27895 27949 E godot   :    at: mesh_create_surface_data_from_arrays (servers/rendering_server.cpp:1225)
01-06 11:06:07.212 27895 27949 E godot   : ERROR: Condition "err != OK" is true.
01-06 11:06:07.212 27895 27949 E godot   :    at: add_surface_from_arrays (scene/resources/mesh.cpp:1825)
01-06 11:06:07.221 27895 27949 W dclgodot: ThreadId(02) dclgodot::scene_runner::update_scene: Scene ""Genesis Plaza""(tick=2) in state MeshCollider takes more than 16000: 28097us
01-06 11:06:07.575 27895 28237 I dclgodot: livekit dcl thread dclgodot::comms::adapter::livekit: Connected to LiveKit room with 12 participants
01-06 11:06:08.145 27895 27949 I dclgodot: ThreadId(02) dclgodot::comms::adapter::message_processor: 🆕 Creating new peer 0x511a22cdd2c4ee8357bb02df2578037ffe8a4d8d from room 'scene-bafkreihfcryhfnaociqemr4ajyk3vbvzjg3reitccvk4mdib5ogsjbjrcm' with alias: 1
01-06 11:06:08.209 27895 27949 I dclgodot: ThreadId(02) dclgodot::comms::adapter::message_processor: Requesting newer profile from 0x511a22cdd2c4ee8357bb02df2578037ffe8a4d8d: announced=27, current=0
01-06 11:06:08.209 27895 27949 I dclgodot: ThreadId(02) dclgodot::comms::adapter::message_processor: 🆕 Creating new peer 0x084c2cde5d736e0b0295771947ca02531b242df3 from room 'scene-bafkreihfcryhfnaociqemr4ajyk3vbvzjg3reitccvk4mdib5ogsjbjrcm' with alias: 2
01-06 11:06:08.242 27895 27949 I dclgodot: ThreadId(02) dclgodot::comms::adapter::message_processor: 🆕 Creating new peer 0xeb0c682e1ca11e62eabe436ea36459d57616e5f1 from room 'scene-bafkreihfcryhfnaociqemr4ajyk3vbvzjg3reitccvk4mdib5ogsjbjrcm' with alias: 3
01-06 11:06:08.279 27895 27949 I dclgodot: ThreadId(02) dclgodot::comms::adapter::message_processor: 🆕 Creating new peer 0x7648ddfe2bdf9ac038875b871e825e32f499d610 from room 'scene-bafkreihfcryhfnaociqemr4ajyk3vbvzjg3reitccvk4mdib5ogsjbjrcm' with alias: 4
01-06 11:06:08.314 27895 27949 I dclgodot: ThreadId(02) dclgodot::comms::adapter::message_processor: 🆕 Creating new peer 0x88a6f83fb620b8937ff4ac484f821ab704ed8895 from room 'scene-bafkreihfcryhfnaociqemr4ajyk3vbvzjg3reitccvk4mdib5ogsjbjrcm' with alias: 5
01-06 11:06:08.345 27895 27949 I dclgodot: ThreadId(02) dclgodot::comms::adapter::message_processor: Requesting newer profile from 0x88a6f83fb620b8937ff4ac484f821ab704ed8895: announced=647, current=0
01-06 11:06:08.346 27895 27949 I dclgodot: ThreadId(02) dclgodot::comms::adapter::message_processor: 🆕 Creating new peer 0x78a707a166da251c098e6e695efa5b130344a39b from room 'scene-bafkreihfcryhfnaociqemr4ajyk3vbvzjg3reitccvk4mdib5ogsjbjrcm' with alias: 6
01-06 11:06:08.381 27895 27949 I dclgodot: ThreadId(02) dclgodot::comms::adapter::message_processor: Requesting newer profile from 0x78a707a166da251c098e6e695efa5b130344a39b: announced=104, current=0
01-06 11:06:08.382 27895 27949 I dclgodot: ThreadId(02) dclgodot::comms::adapter::message_processor: 🆕 Creating new peer 0x8a89a7348d464bbb8c516a4d5390e7de51affa5d from room 'scene-bafkreihfcryhfnaociqemr4ajyk3vbvzjg3reitccvk4mdib5ogsjbjrcm' with alias: 7
01-06 11:06:08.418 27895 27949 I dclgodot: ThreadId(02) dclgodot::comms::adapter::message_processor: 🆕 Creating new peer 0x6f395cb5ff248b7b5e877b959ab1078dd0f821cf from room 'scene-bafkreihfcryhfnaociqemr4ajyk3vbvzjg3reitccvk4mdib5ogsjbjrcm' with alias: 8
01-06 11:06:08.446 27895 27949 I dclgodot: ThreadId(02) dclgodot::comms::adapter::message_processor: 🆕 Creating new peer 0xce355d42efc49b840c1a796ea678655fdd43498c from room 'scene-bafkreihfcryhfnaociqemr4ajyk3vbvzjg3reitccvk4mdib5ogsjbjrcm' with alias: 9
01-06 11:06:08.462 27895 27949 I dclgodot: ThreadId(02) dclgodot::comms::adapter::message_processor: 🆕 Creating new peer 0x6723dcb07f3ca735223cd1c0acfa62dd994a1bb4 from room 'scene-bafkreihfcryhfnaociqemr4ajyk3vbvzjg3reitccvk4mdib5ogsjbjrcm' with alias: 10
01-06 11:06:08.672 27895 27949 I dclgodot: ThreadId(02) dclgodot::comms::adapter::archipelago: comms > peer msg ChallengeResponseMessage { challenge_to_sign: "dcl-0.w7olw8yic8", already_connected: false }
01-06 11:06:08.679 27895 27949 I godot   : Async update avatar from profile 0x511a22cdd2c4ee8357bb02df2578037ffe8a4d8d
01-06 11:06:08.689 27895 27949 I godot   : Async update avatar from profile 0x78a707a166da251c098e6e695efa5b130344a39b
01-06 11:06:08.696 27895 27949 I godot   : Async update avatar from profile 0x88a6f83fb620b8937ff4ac484f821ab704ed8895
01-06 11:06:08.700 27895 27949 I dclgodot: ThreadId(02) dclgodot::comms::adapter::message_processor: Requesting newer profile from 0x8a89a7348d464bbb8c516a4d5390e7de51affa5d: announced=650, current=0
01-06 11:06:08.701 27895 27949 I dclgodot: ThreadId(02) dclgodot::comms::adapter::message_processor: Requesting newer profile from 0x084c2cde5d736e0b0295771947ca02531b242df3: announced=202, current=0
01-06 11:06:08.701 27895 27949 I dclgodot: ThreadId(02) dclgodot::comms::adapter::message_processor: 🆕 Creating new peer 0xd545b9e0a5f3638a5026d1914cc9b47ed16b5ae9 from room 'scene-bafkreihfcryhfnaociqemr4ajyk3vbvzjg3reitccvk4mdib5ogsjbjrcm' with alias: 11
01-06 11:06:08.808 27895 27949 E godot   : WARNING: AnimationNodeStateMachinePlayback: parameters/playback has detected one or more looped transitions in a single frame and aborted to prevent an infinite loop. You may need to check the transition settings.
01-06 11:06:08.808 27895 27949 E godot   :    at: _transition_to_next_recursive (scene/animation/animation_node_state_machine.cpp:938)
01-06 11:06:09.133 27895 27949 I godot   : Async update avatar from profile 0x084c2cde5d736e0b0295771947ca02531b242df3
01-06 11:06:09.135 27895 27949 I godot   : Async update avatar from profile 0x8a89a7348d464bbb8c516a4d5390e7de51affa5d
01-06 11:06:09.137 27895 27949 I dclgodot: ThreadId(02) dclgodot::comms::adapter::message_processor: Requesting newer profile from 0xce355d42efc49b840c1a796ea678655fdd43498c: announced=120, current=0
01-06 11:06:09.254 27895 27949 I dclgodot: ThreadId(02) dclgodot::comms::adapter::message_processor: Requesting newer profile from 0x6723dcb07f3ca735223cd1c0acfa62dd994a1bb4: announced=6681, current=0
01-06 11:06:09.256 27895 27949 I dclgodot: ThreadId(02) dclgodot::comms::adapter::message_processor: ProfileResponse from 0x6f395cb5ff248b7b5e877b959ab1078dd0f821cf contains profile for 0x6f395cb5ff248b7b5e877b959ab1078dd0f821cf (version 126)
01-06 11:06:09.256 27895 27949 I godot   : Async update avatar from profile 0x6f395cb5ff248b7b5e877b959ab1078dd0f821cf
01-06 11:06:09.260 27895 27949 I dclgodot: ThreadId(02) dclgodot::comms::adapter::message_processor: Updated profile for 0x6f395cb5ff248b7b5e877b959ab1078dd0f821cf (alias 8) to version 126
01-06 11:06:09.260 27895 27949 I dclgodot: ThreadId(02) dclgodot::comms::adapter::message_processor: Requesting newer profile from 0xd545b9e0a5f3638a5026d1914cc9b47ed16b5ae9: announced=2442, current=0
01-06 11:06:09.261 27895 27949 I dclgodot: ThreadId(02) dclgodot::comms::adapter::message_processor: ProfileResponse from 0x7648ddfe2bdf9ac038875b871e825e32f499d610 contains profile for 0x7648ddfe2bdf9ac038875b871e825e32f499d610 (version 1)
01-06 11:06:09.261 27895 27949 I godot   : Async update avatar from profile 0x7648ddfe2bdf9ac038875b871e825e32f499d610
01-06 11:06:09.273 27895 27949 I dclgodot: ThreadId(02) dclgodot::comms::adapter::message_processor: Updated profile for 0x7648ddfe2bdf9ac038875b871e825e32f499d610 (alias 4) to version 1
01-06 11:06:09.273 27895 27949 I dclgodot: ThreadId(02) dclgodot::comms::adapter::message_processor: Requesting newer profile from 0xeb0c682e1ca11e62eabe436ea36459d57616e5f1: announced=3234, current=0
01-06 11:06:09.389 27895 27949 I godot   : Async update avatar from profile 0xce355d42efc49b840c1a796ea678655fdd43498c
01-06 11:06:09.676 27895 27949 I godot   : Async update avatar from profile 0x6723dcb07f3ca735223cd1c0acfa62dd994a1bb4
01-06 11:06:09.691 27895 27949 I godot   : Async update avatar from profile 0xd545b9e0a5f3638a5026d1914cc9b47ed16b5ae9
01-06 11:06:09.701 27895 27949 I godot   : Async update avatar from profile 0xeb0c682e1ca11e62eabe436ea36459d57616e5f1
01-06 11:06:09.982 27895 27949 W dclgodot: ThreadId(02) dclgodot::scene_runner::update_scene: Scene ""Genesis Plaza""(tick=2) in state SyncGltfContainer takes more than 16000: 17341us
01-06 11:06:10.476 27895 27949 D dclgodot: ThreadId(02) dclgodot::scene_runner::components::gltf_container: sync_gltf_loading_state: entity SceneEntityId { number: 1254, version: 0 } state=Finished, has_modifier_state=false, has_modifier_dirty=false, gltf_loading.len()=571
01-06 11:06:10.479 27895 27949 D dclgodot: ThreadId(02) dclgodot::scene_runner::components::gltf_container: sync_gltf_loading_state: entity SceneEntityId { number: 661, version: 0 } state=Finished, has_modifier_state=false, has_modifier_dirty=true, gltf_loading.len()=570
01-06 11:06:10.479 27895 27949 D dclgodot: ThreadId(02) dclgodot::scene_runner::components::gltf_container: sync_gltf_loading_state: Adding entity SceneEntityId { number: 661, version: 0 } to gltf_node_modifiers_pending (will be removed from gltf_loading)
01-06 11:06:10.482 27895 27949 D dclgodot: ThreadId(02) dclgodot::scene_runner::components::gltf_container: sync_gltf_loading_state: entity SceneEntityId { number: 1515, version: 0 } state=Finished, has_modifier_state=false, has_modifier_dirty=false, gltf_loading.len()=569
01-06 11:06:10.483 27895 27949 D dclgodot: ThreadId(02) dclgodot::scene_runner::components::gltf_container: sync_gltf_loading_state: entity SceneEntityId { number: 1226, version: 0 } state=Finished, has_modifier_state=false, has_modifier_dirty=false, gltf_loading.len()=568
01-06 11:06:10.483 27895 27949 D dclgodot: ThreadId(02) dclgodot::scene_runner::components::gltf_container: sync_gltf_loading_state: entity SceneEntityId { number: 1051, version: 0 } state=Finished, has_modifier_state=false, has_modifier_dirty=false, gltf_loading.len()=567
01-06 11:06:10.530 27895 27949 D dclgodot: ThreadId(02) dclgodot::scene_runner::components::gltf_container: sync_gltf_loading_state: entity SceneEntityId { number: 1101, version: 0 } state=Finished, has_modifier_state=false, has_modifier_dirty=false, gltf_loading.len()=566
01-06 11:06:10.541 27895 27949 D dclgodot: ThreadId(02) dclgodot::scene_runner::components::gltf_container: sync_gltf_loading_state: entity SceneEntityId { number: 1824, version: 0 } state=Finished, has_modifier_state=false, has_modifier_dirty=true, gltf_loading.len()=565
01-06 11:06:10.541 27895 27949 D dclgodot: ThreadId(02) dclgodot::scene_runner::components::gltf_container: sync_gltf_loading_state: Adding entity SceneEntityId { number: 1824, version: 0 } to gltf_node_modifiers_pending (will be removed from gltf_loading)
01-06 11:06:10.542 27895 27949 D dclgodot: ThreadId(02) dclgodot::scene_runner::components::gltf_container: sync_gltf_loading_state: entity SceneEntityId { number: 1034, version: 0 } state=Finished, has_modifier_state=false, has_modifier_dirty=false, gltf_loading.len()=564
01-06 11:06:10.542 27895 27949 D dclgodot: ThreadId(02) dclgodot::scene_runner::components::gltf_container: sync_gltf_loading_state: entity SceneEntityId { number: 887, version: 0 } state=Finished, has_modifier_state=false, has_modifier_dirty=false, gltf_loading.len()=563
01-06 11:06:10.544 27895 27949 D dclgodot: ThreadId(02) dclgodot::scene_runner::components::gltf_container: sync_gltf_loading_state: entity SceneEntityId { number: 1389, version: 0 } state=Finished, has_modifier_state=false, has_modifier_dirty=false, gltf_loading.len()=562
01-06 11:06:10.597 27895 27949 I dclgodot: ThreadId(02) dclgodot::comms::adapter::archipelago: connecting to island "island-ea-2gzy"
01-06 11:06:10.598 27895 27949 I dclgodot: ThreadId(02) dclgodot::comms::adapter::archipelago: Using shared MessageProcessor for archipelago LiveKit room
01-06 11:06:10.598 27895 27949 I dclgodot: ThreadId(02) dclgodot::comms::adapter::livekit: 🔧 Creating Scene LiveKit room 'archipelago-livekit-island-ea-2gzy' with auto_subscribe=false
01-06 11:06:10.598 27895 28695 I dclgodot: livekit dcl thread dclgodot::comms::adapter::livekit: 🔌 Connecting to LiveKit room 'archipelago-livekit-island-ea-2gzy' with auto_subscribe=false
01-06 11:06:10.599 27895 28695 I dclgodot: livekit dcl thread livekit_api::signal_client::signal_stream: connecting to wss://dcl.livekit.cloud/rtc?sdk=rust&protocol=15&auto_subscribe=0&adaptive_stream=0&access_token=...    
01-06 11:06:10.618 27895 27949 D dclgodot: ThreadId(02) dclgodot::scene_runner::components::gltf_container: sync_gltf_loading_state: entity SceneEntityId { number: 1679, version: 0 } state=Finished, has_modifier_state=false, has_modifier_dirty=false, gltf_loading.len()=559
01-06 11:06:10.642 27895 28001 E godot   : ERROR: Basis [X: (0.0, 0.0, 0.0), Y: (0.0, 0.0, 0.0), Z: (0.0, 0.0, 0.0)] must be normalized in order to be casted to a Quaternion. Use get_rotation_quaternion() or call orthonormalized() if the Basis contains linearly independent vectors.
01-06 11:06:10.642 27895 28001 E godot   :    at: get_quaternion (core/math/basis.cpp:716)
01-06 11:06:10.683 27895 27949 I dclgodot: ThreadId(02) dclgodot::comms::communication_manager: 📡 Initial profile announced for archipelago connection
01-06 11:06:11.285 27895 27949 D dclgodot: ThreadId(02) dclgodot::scene_runner::components::gltf_container: sync_gltf_loading_state: entity SceneEntityId { number: 778, version: 0 } state=Finished, has_modifier_state=false, has_modifier_dirty=true, gltf_loading.len()=558
01-06 11:06:11.285 27895 27949 D dclgodot: ThreadId(02) dclgodot::scene_runner::components::gltf_container: sync_gltf_loading_state: Adding entity SceneEntityId { number: 778, version: 0 } to gltf_node_modifiers_pending (will be removed from gltf_loading)
01-06 11:06:11.886 27895 28695 I dclgodot: livekit dcl thread dclgodot::comms::adapter::livekit: Connected to LiveKit room with 11 participants
01-06 11:06:12.040 27895 27949 D dclgodot: ThreadId(02) dclgodot::scene_runner::components::gltf_container: sync_gltf_loading_state: entity SceneEntityId { number: 1381, version: 0 } state=Finished, has_modifier_state=false, has_modifier_dirty=false, gltf_loading.len()=557
01-06 11:06:12.440 27895 27949 I dclgodot: ThreadId(02) dclgodot::analytics::metrics: process_and_send_events: events=2, serialized=0, ignore_limit=false
01-06 11:06:12.440 27895 27949 I dclgodot: ThreadId(02) dclgodot::analytics::metrics: Starting event processing loop
01-06 11:06:12.440 27895 27949 I dclgodot: ThreadId(02) dclgodot::analytics::metrics: Event processing loop complete. Serialized events: 2
01-06 11:06:12.440 27895 27949 I dclgodot: ThreadId(02) dclgodot::analytics::metrics: Spawning async task to send 2 events
01-06 11:06:12.441 27895 27996 W dclgodot:    dcl-godot-tokio dclgodot::analytics::metrics: Sending segment batch with 2 events
01-06 11:06:12.441 27895 27996 I dclgodot:    dcl-godot-tokio dclgodot::analytics::metrics:   Event 1: Explorer Move To Parcel
01-06 11:06:12.441 27895 27996 I dclgodot:    dcl-godot-tokio dclgodot::analytics::metrics:   Event 2: Screen Viewed
01-06 11:06:12.689 27895 27995 I dclgodot:    dcl-godot-tokio dclgodot::analytics::metrics: Segment batch sent successfully
01-06 11:06:13.143 27895 27949 D dclgodot: ThreadId(02) dclgodot::scene_runner::components::gltf_container: sync_gltf_loading_state: entity SceneEntityId { number: 954, version: 0 } state=Finished, has_modifier_state=false, has_modifier_dirty=true, gltf_loading.len()=556
01-06 11:06:13.143 27895 27949 D dclgodot: ThreadId(02) dclgodot::scene_runner::components::gltf_container: sync_gltf_loading_state: Adding entity SceneEntityId { number: 954, version: 0 } to gltf_node_modifiers_pending (will be removed from gltf_loading)
01-06 11:06:13.539 27895 27949 D dclgodot: ThreadId(02) dclgodot::scene_runner::components::gltf_container: sync_gltf_loading_state: entity SceneEntityId { number: 1431, version: 0 } state=Finished, has_modifier_state=false, has_modifier_dirty=false, gltf_loading.len()=555
01-06 11:06:13.546 27895 27949 D dclgodot: ThreadId(02) dclgodot::scene_runner::components::gltf_container: sync_gltf_loading_state: entity SceneEntityId { number: 1483, version: 0 } state=Finished, has_modifier_state=false, has_modifier_dirty=false, gltf_loading.len()=554
01-06 11:06:13.547 27895 27949 D dclgodot: ThreadId(02) dclgodot::scene_runner::components::gltf_container: sync_gltf_loading_state: entity SceneEntityId { number: 693, version: 0 } state=Finished, has_modifier_state=false, has_modifier_dirty=true, gltf_loading.len()=553
01-06 11:06:13.547 27895 27949 D dclgodot: ThreadId(02) dclgodot::scene_runner::components::gltf_container: sync_gltf_loading_state: Adding entity SceneEntityId { number: 693, version: 0 } to gltf_node_modifiers_pending (will be removed from gltf_loading)
01-06 11:06:13.600 27895 27949 D dclgodot: ThreadId(02) dclgodot::scene_runner::components::gltf_container: sync_gltf_loading_state: entity SceneEntityId { number: 737, version: 0 } state=Finished, has_modifier_state=false, has_modifier_dirty=true, gltf_loading.len()=552
01-06 11:06:13.600 27895 27949 D dclgodot: ThreadId(02) dclgodot::scene_runner::components::gltf_container: sync_gltf_loading_state: Adding entity SceneEntityId { number: 737, version: 0 } to gltf_node_modifiers_pending (will be removed from gltf_loading)
01-06 11:06:13.601 27895 27949 D dclgodot: ThreadId(02) dclgodot::scene_runner::components::gltf_container: sync_gltf_loading_state: entity SceneEntityId { number: 720, version: 0 } state=Finished, has_modifier_state=false, has_modifier_dirty=true, gltf_loading.len()=551
01-06 11:06:13.601 27895 27949 D dclgodot: ThreadId(02) dclgodot::scene_runner::components::gltf_container: sync_gltf_loading_state: Adding entity SceneEntityId { number: 720, version: 0 } to gltf_node_modifiers_pending (will be removed from gltf_loading)
01-06 11:06:13.602 27895 27949 D dclgodot: ThreadId(02) dclgodot::scene_runner::components::gltf_container: sync_gltf_loading_state: entity SceneEntityId { number: 748, version: 0 } state=Finished, has_modifier_state=false, has_modifier_dirty=true, gltf_loading.len()=550
01-06 11:06:13.602 27895 27949 D dclgodot: ThreadId(02) dclgodot::scene_runner::components::gltf_container: sync_gltf_loading_state: Adding entity SceneEntityId { number: 748, version: 0 } to gltf_node_modifiers_pending (will be removed from gltf_loading)
01-06 11:06:13.634 27895 27949 D dclgodot: ThreadId(02) dclgodot::scene_runner::components::gltf_container: sync_gltf_loading_state: entity SceneEntityId { number: 1459, version: 0 } state=Finished, has_modifier_state=false, has_modifier_dirty=false, gltf_loading.len()=549
01-06 11:06:13.634 27895 27949 D dclgodot: ThreadId(02) dclgodot::scene_runner::components::gltf_container: sync_gltf_loading_state: entity SceneEntityId { number: 818, version: 0 } state=Finished, has_modifier_state=false, has_modifier_dirty=true, gltf_loading.len()=548
01-06 11:06:13.634 27895 27949 D dclgodot: ThreadId(02) dclgodot::scene_runner::components::gltf_container: sync_gltf_loading_state: Adding entity SceneEntityId { number: 818, version: 0 } to gltf_node_modifiers_pending (will be removed from gltf_loading)
01-06 11:06:13.635 27895 27949 D dclgodot: ThreadId(02) dclgodot::scene_runner::components::gltf_container: sync_gltf_loading_state: entity SceneEntityId { number: 1523, version: 0 } state=Finished, has_modifier_state=false, has_modifier_dirty=false, gltf_loading.len()=547
01-06 11:06:13.797 27895 27949 D dclgodot: ThreadId(02) dclgodot::scene_runner::components::gltf_container: sync_gltf_loading_state: entity SceneEntityId { number: 972, version: 0 } state=Finished, has_modifier_state=false, has_modifier_dirty=true, gltf_loading.len()=546
01-06 11:06:13.797 27895 27949 D dclgodot: ThreadId(02) dclgodot::scene_runner::components::gltf_container: sync_gltf_loading_state: Adding entity SceneEntityId { number: 972, version: 0 } to gltf_node_modifiers_pending (will be removed from gltf_loading)
01-06 11:06:13.800 27895 27949 D dclgodot: ThreadId(02) dclgodot::scene_runner::components::gltf_container: sync_gltf_loading_state: entity SceneEntityId { number: 1731, version: 0 } state=Finished, has_modifier_state=false, has_modifier_dirty=false, gltf_loading.len()=545
01-06 11:06:14.011 27895 27949 D dclgodot: ThreadId(02) dclgodot::scene_runner::components::gltf_container: sync_gltf_loading_state: entity SceneEntityId { number: 1463, version: 0 } state=Finished, has_modifier_state=false, has_modifier_dirty=false, gltf_loading.len()=544
01-06 11:06:15.334 27895 27949 I dclgodot: ThreadId(02) dclgodot::comms::adapter::message_processor: ⏰ Peer 0x511a22cdd2c4ee8357bb02df2578037ffe8a4d8d (alias: 1) has no active rooms and timed out - removing
01-06 11:06:15.334 27895 27949 I dclgodot: ThreadId(02) dclgodot::comms::adapter::message_processor: 🗑️ Removed inactive peer 0x511a22cdd2c4ee8357bb02df2578037ffe8a4d8d (alias: 1)
01-06 11:06:15.907 27895 27949 D dclgodot: ThreadId(02) dclgodot::scene_runner::components::gltf_container: sync_gltf_loading_state: entity SceneEntityId { number: 743, version: 0 } state=Finished, has_modifier_state=false, has_modifier_dirty=true, gltf_loading.len()=543
01-06 11:06:15.907 27895 27949 D dclgodot: ThreadId(02) dclgodot::scene_runner::components::gltf_container: sync_gltf_loading_state: Adding entity SceneEntityId { number: 743, version: 0 } to gltf_node_modifiers_pending (will be removed from gltf_loading)
01-06 11:06:16.025 27895 27949 D dclgodot: ThreadId(02) dclgodot::scene_runner::components::gltf_node_modifiers: update_gltf_node_modifiers: dirty(with ts)=[(SceneEntityId { number: 1017, version: 0 }, 1), (SceneEntityId { number: 960, version: 0 }, 1), (SceneEntityId { number: 634, version: 0 }, 1), (SceneEntityId { number: 776, version: 0 }, 1), (SceneEntityId { number: 794, version: 0 }, 1), (SceneEntityId { number: 1844, version: 0 }, 1), (SceneEntityId { number: 798, version: 0 }, 1), (SceneEntityId { number: 825, version: 0 }, 1), (SceneEntityId { number: 708, version: 0 }, 1), (SceneEntityId { number: 793, version: 0 }, 1), (SceneEntityId { number: 1842, version: 0 }, 1), (SceneEntityId { number: 734, version: 0 }, 1), (SceneEntityId { number: 731, version: 0 }, 1), (SceneEntityId { number: 1835, version: 0 }, 1), (SceneEntityId { number: 777, version: 0 }, 1), (SceneEntityId { number: 1847, version: 0 }, 1), (SceneEntityId { number: 764, version: 0 }, 1), (SceneEntityId { number: 820, version: 0 }, 1), (SceneEntityId { number: 816, version: 0 }, 1), (SceneEntityId { number: 724, version: 0 }, 1), (SceneEntityId { number: 1824, version: 0 }, 1), (SceneEntityId { number: 785, version: 0 }, 1), (SceneEntityId { number: 942, version: 0 }, 1), (SceneEntityId { number: 778, version: 0 }, 1), (SceneEntityId { number: 732, version: 0 }, 1), (SceneEntityId { number: 954, version: 0 }, 1), (SceneEntityId { number: 1841, version: 0 }, 1), (SceneEntityId { number: 719, version: 0 }, 1), (SceneEntityId { number: 711, version: 0 }, 1), (SceneEntityId { number: 755, version: 0 }, 1), (SceneEntityId { number: 736, version: 0 }, 1), (SceneEntityId { number: 1839, version: 0 }, 1), (SceneEntityId { number: 690, version: 0 }, 1), (SceneEntityId { number: 786, version: 0 }, 1), (SceneEntityId { number: 809, version: 0 }, 1), (SceneEntityId { number: 718, version: 0 }, 1), (SceneEntityId { number: 760, version: 0 }, 1), (SceneEntityId { number: 1832, version: 0 }, 1), (SceneEntityId { number: 716, version: 0 }, 1), (SceneEntityId { number: 788, version: 0 }, 1), (SceneEntityId { number: 948, version: 0 }, 1), (SceneEntityId { number: 1846, version: 0 }, 1), (SceneEntityId { number: 781, version: 0 }, 1), (SceneEntityId { number: 750, version: 0 }, 1), (SceneEntityId { number: 1882, version: 0 }, 1), (SceneEntityId { number: 1838, version: 0 }, 1), (SceneEntityId { number: 981, version: 0 }, 1), (SceneEntityId { number: 739, version: 0 }, 1), (SceneEntityId { number: 792, version: 0 }, 1), (SceneEntityId { number: 686, version: 0 }, 1), (SceneEntityId { number: 804, version: 0 }, 1), (SceneEntityId { number: 729, version: 0 }, 1), (SceneEntityId { number: 735, version: 0 }, 1), (SceneEntityId { number: 765, version: 0 }, 1), (SceneEntityId { number: 773, version: 0 }, 1), (SceneEntityId { number: 775, version: 0 }, 1), (SceneEntityId { number: 693, version: 0 }, 1), (SceneEntityId { number: 738, version: 0 }, 1), (SceneEntityId { number: 787, version: 0 }, 1), (SceneEntityId { number: 1830, version: 0 }, 1), (SceneEntityId { number: 1035, version: 0 }, 1), (SceneEntityId { number: 984, version: 0 }, 1), (SceneEntityId { number: 754, version: 0 }, 1), (SceneEntityId { number: 810, version: 0 }, 1), (SceneEntityId { number: 713, version: 0 }, 1), (SceneEntityId { number: 784, version: 0 }, 1), (SceneEntityId { number: 700, version: 0 }, 1), (SceneEntityId { number: 1898, version: 0 }, 1), (SceneEntityId { number: 702, version: 0 }, 1), (SceneEntityId { number: 771, version: 0 }, 1), (SceneEntityId { number: 780, version: 0 }, 1), (SceneEntityId { number: 1852, version: 0 }, 1), (SceneEntityId { number: 1853, version: 0 }, 1), (SceneEntityId { number: 993, version: 0 }, 1), (SceneEntityId { number: 1005, version: 0 }, 1), (SceneEntityId { number: 1777, version: 0 }, 1), (SceneEntityId { number: 772, version: 0 }, 1), (SceneEntityId { number: 714, version: 0 }, 1), (SceneEntityId { number: 808, version: 0 }, 1), (SceneEntityId { number: 769, version: 0 }, 1), (SceneEntityId { number: 75
